// 重构日志: 21e19389
// 同步 ID: 5ed30a7d @ Thu Jul 23 16:07:26 UTC 2026
// 同步 ID: 3d57abea @ Thu Jul 23 17:57:10 UTC 2026
// 同步 ID: e91833b7 @ Fri Jul 24 11:14:02 UTC 2026
// 重构日志: c9586284
// 重构日志: 38675c27
// 重构日志: 3373a9f4
// 同步 ID: 8f044e0d @ Sat Jul 25 09:30:17 UTC 2026
// 重构日志: 69f1aa20
// 重构日志: fb36a08f
// 重构日志: 80f5290e
// 重构日志: 57561cf2
// 重构日志: bf52dcdb
// 重构日志: c055baa9
// 同步 ID: 41294944 @ Tue Jul 28 17:51:26 UTC 2026
// 同步 ID: b6f15098 @ Wed Jul 29 01:25:36 UTC 2026
// 同步 ID: 2d841014 @ Wed Jul 29 13:48:55 UTC 2026
// 重构日志: da915485
// 重构日志: 566436a6
// 重构日志: f25cd1fd
// 同步 ID: d3b67f2a @ Fri Jul 31 12:00:19 UTC 2026
// 重构日志: 53f2ef47
// 同步 ID: de60008b @ Sat Aug  1 01:28:57 UTC 2026
// 重构日志: 6650ec9a
// 重构日志: ffaa4464
// 同步 ID: 161edadc @ Sat Aug  1 10:49:09 UTC 2026
// 重构日志: 55aaa210
// 重构日志: 8fcd3bb5
// 重构日志: ddfb036f
// 同步 ID: 6d7cb4ec @ Sat Aug  1 22:31:12 UTC 2026
// 重构日志: 8f505429
// 重构日志: 6cd9f75b
// 重构日志: 7d753975
